<html>
<body>
<pre>
<h1>礦ision Build Log</h1>
<h2>Tool Versions:</h2>
IDE-Version: μVision V5.14.0.0
Copyright (C) 2015 ARM Ltd and ARM Germany GmbH. All rights reserved.
License Information: 123 Microsoft, Microsoft, LIC=CZLKP-M9ASI-1P1Z5-GQMGU-INF0V-LWA1P
 
Tool Versions:
Toolchain:       MDK-ARM Standard  Version: 5.14.0.0
Toolchain Path:  D:\install\KEIL5\ARM\ARMCC\Bin
C Compiler:      Armcc.exe V5.05 update 1 (build 106)
Assembler:       Armasm.exe V5.05 update 1 (build 106)
Linker/Locator:  ArmLink.exe V5.05 update 1 (build 106)
Library Manager: ArmAr.exe V5.05 update 1 (build 106)
Hex Converter:   FromElf.exe V5.05 update 1 (build 106)
CPU DLL:         SARMCM3.DLL V5.14.0.0
Dialog DLL:      DCM.DLL V1.13.1.0
Target DLL:      STLink\ST-LINKIII-KEIL_SWO.dll V2.0.14.0_KEIL
Dialog DLL:      TCM.DLL V1.14.4.0
 
<h2>Project:</h2>
C:\Users\Administrator\Desktop\实验4 串口实验\USER\USART.uvprojx
Project File Date:  01/09/2018

<h2>Output:</h2>
Build target 'USART'
compiling main.c...
main.c(97): warning:  #223-D: function "memset" declared implicitly
        memset(recv,0,10);
main.c(432): warning:  #223-D: function "memset" declared implicitly
        memset(recv,0,10);
main.c(347): warning:  #177-D: variable "motor_node1_rev" was declared but never referenced
        uint32_t motor_node1_rev = 0x03e8;
main.c(543): warning:  #223-D: function "memset" declared implicitly
        memset(recv,0,10);
main.c(563): warning:  #767-D: conversion from pointer to smaller integer
        MYDMA_Config(DMA2_Stream2,DMA_Channel_4,(u16)&USART1->DR,(u16)recv,10);
main.c(563): warning:  #767-D: conversion from pointer to smaller integer
        MYDMA_Config(DMA2_Stream2,DMA_Channel_4,(u16)&USART1->DR,(u16)recv,10);
main.c(556): warning:  #177-D: variable "t" was declared but never referenced
        u8 t;
main.c(557): warning:  #177-D: variable "i" was declared but never referenced
        u8 i;
main.c(558): warning:  #177-D: variable "len" was declared but never referenced
        u8 len=1;       
main.c(559): warning:  #177-D: variable "times" was declared but never referenced
        u16 times=0; 
main.c(560): warning:  #177-D: variable "buf" was declared but never referenced
        char buf[]={0x11,0x13}; 
main.c: 11 warnings, 0 errors
linking...
Program Size: Code=6596 RO-data=424 RW-data=32 ZI-data=2000  
FromELF: creating hex file...
"..\OBJ\USART.axf" - 0 Error(s), 11 Warning(s).

<h2>Collection of Component include folders:</h2>
  C:\Users\Administrator\Desktop\实验4 串口实验\USER\RTE
  D:\install\KEIL5\ARM\PACK\Keil\STM32F4xx_DFP\1.0.8\Device\Include

<h2>Collection of Component Files used:</h2>
</pre>
</body>
</html>
